// Jest Snapshot v1, https://goo.gl/fbAQLP

exports[`CatDetail renders properly 1`] = `
<div class="cat"><a class="bold clickable">Â« back</a><br>
  <h1>catDetail catName</h1><img src="imgurl" class="cat-image">
  <table>
    <tr>
      <td class="bold">description</td>
      <td class="detail">catdescription</td>
    </tr>
    <tr>
      <td class="bold">maximumWeight</td>
      <td class="detail">
        <div>test : test</div>
      </td>
    </tr>
    <tr>
      <td class="bold">averageLifespan</td>
      <td class="detail">3-4</td>
    </tr>
    <tr>
      <td class="bold">origin</td>
      <td class="detail">
        <!--v-if-->
      </td>
    </tr>
  </table>
</div>
`;
