// Jest Snapshot v1, https://goo.gl/fbAQLP

exports[`Home renders properly 1`] = `
<div class="home">
  <h1>message</h1>
  <!--v-if-->
  <div class="table">
    <div class="row header">
      <div class="column">Image</div>
      <div class="column">Name</div>
    </div>
  </div>
</div>
`;
